GowinSynthesis start
Running parser ...
Analyzing VHDL file 'C:\Users\Daniel\Desktop\FPGA-perceptron-\VHDL perceptron\perceptron\src\eightBitAdder.vhd'
Analyzing entity 'eightbitadder'("C:\Users\Daniel\Desktop\FPGA-perceptron-\VHDL perceptron\perceptron\src\eightBitAdder.vhd":4)
Analyzing architecture 'eightbitadderlogic'("C:\Users\Daniel\Desktop\FPGA-perceptron-\VHDL perceptron\perceptron\src\eightBitAdder.vhd":10)
Analyzing VHDL file 'C:\Users\Daniel\Desktop\FPGA-perceptron-\VHDL perceptron\perceptron\src\fullAdder.vhd'
Analyzing entity 'fulladder'("C:\Users\Daniel\Desktop\FPGA-perceptron-\VHDL perceptron\perceptron\src\fullAdder.vhd":4)
Analyzing architecture 'fulladderlogic'("C:\Users\Daniel\Desktop\FPGA-perceptron-\VHDL perceptron\perceptron\src\fullAdder.vhd":12)
Analyzing VHDL file 'C:\Users\Daniel\Desktop\FPGA-perceptron-\VHDL perceptron\perceptron\src\halfAdder.vhd'
Analyzing entity 'halfadder'("C:\Users\Daniel\Desktop\FPGA-perceptron-\VHDL perceptron\perceptron\src\halfAdder.vhd":4)
Analyzing architecture 'halfadderlogic'("C:\Users\Daniel\Desktop\FPGA-perceptron-\VHDL perceptron\perceptron\src\halfAdder.vhd":11)
Analyzing VHDL file 'C:\Users\Daniel\Desktop\FPGA-perceptron-\VHDL perceptron\perceptron\src\perceptron.vhd'
Processing 'eightBitAdder(eightBitAdderLogic)'("C:\Users\Daniel\Desktop\FPGA-perceptron-\VHDL perceptron\perceptron\src\eightBitAdder.vhd":4)
Processing 'halfAdder(halfAdderLogic)'("C:\Users\Daniel\Desktop\FPGA-perceptron-\VHDL perceptron\perceptron\src\halfAdder.vhd":4)
Processing 'fullAdder(fullAdderLogic)'("C:\Users\Daniel\Desktop\FPGA-perceptron-\VHDL perceptron\perceptron\src\fullAdder.vhd":4)
NOTE  (EX0101) : Current top module is "eightBitAdder"
[5%] Running netlist conversion ...
Running device independent optimization ...
[10%] Optimizing Phase 0 completed
[15%] Optimizing Phase 1 completed
[25%] Optimizing Phase 2 completed
Running inference ...
[30%] Inferring Phase 0 completed
[40%] Inferring Phase 1 completed
[50%] Inferring Phase 2 completed
[55%] Inferring Phase 3 completed
Running technical mapping ...
[60%] Tech-Mapping Phase 0 completed
[65%] Tech-Mapping Phase 1 completed
[75%] Tech-Mapping Phase 2 completed
[80%] Tech-Mapping Phase 3 completed
[90%] Tech-Mapping Phase 4 completed
[95%] Generate netlist file "C:\Users\Daniel\Desktop\FPGA-perceptron-\VHDL perceptron\perceptron\impl\gwsynthesis\perceptron.vg" completed
[100%] Generate report file "C:\Users\Daniel\Desktop\FPGA-perceptron-\VHDL perceptron\perceptron\impl\gwsynthesis\perceptron_syn.rpt.html" completed
GowinSynthesis finish
